// Jest Snapshot v1, https://goo.gl/fbAQLP

exports[`Form Component 1`] = `
<form>
  <div>
    <label
      class="sc-htpNat gXggjD"
      for="test1"
    >
      test 1
    </label>
    <input
      class="sc-bxivhb clCpTH"
      id="test1"
      label="test 1"
      name="test1"
    />
  </div>
  <div>
    <label
      class="sc-htpNat gXggjD"
      for="test2"
    >
      test 2
    </label>
    <input
      class="sc-bxivhb clCpTH"
      id="test2"
      label="test 2"
      name="test2"
    />
  </div>
  <div />
  <button
    class="sc-bwzfXH jjWYyR"
    type="submit"
  >
    Send
  </button>
</form>
`;
