// Jest Snapshot v1, https://goo.gl/fbAQLP

exports[`Form Component 1`] = `
<form>
  <label
    for="test1"
  >
    test 1
  </label>
  <input
    id="test1"
    name="test1"
  />
  <label
    for="test2"
  >
    test 2
  </label>
  <input
    id="test2"
    name="test2"
  />
  <button
    class="sc-bwzfXH jjWYyR"
    type="submit"
  >
    Send
  </button>
</form>
`;
